// Jest Snapshot v1, https://goo.gl/fbAQLP

exports[`amplify-nav spec: Render logic -> should render 1`] = `
<amplify-nav>
  <mock:shadow-root>
    <nav class="nav">
      <slot></slot>
    </nav>
  </mock:shadow-root>
</amplify-nav>
`;
