// Jest Snapshot v1, https://goo.gl/fbAQLP

exports[`amplify-sign-out spec: Render logic -> should render a \`sign out\` button by default 1`] = `
<amplify-sign-out>
  <mock:shadow-root>
    <amplify-button data-test="sign-out-button" slot="sign-out">
      Sign Out
    </amplify-button>
  </mock:shadow-root>
</amplify-sign-out>
`;
