// Jest Snapshot v1, https://goo.gl/fbAQLP

exports[`amplify-label spec: Render logic -> should render a label by default 1`] = `
<amplify-label>
  <mock:shadow-root>
    <label class="label">
      <slot></slot>
    </label>
  </mock:shadow-root>
</amplify-label>
`;

exports[`amplify-label spec: Render logic -> should render only class \`amplify-ui--label\` 1`] = `
<amplify-label>
  <mock:shadow-root>
    <label class="label">
      <slot></slot>
    </label>
  </mock:shadow-root>
</amplify-label>
`;
