// Jest Snapshot v1, https://goo.gl/fbAQLP

exports[`amplify-auth0-button stories defaults 1`] = `
<amplify-auth0-button>
  <mock:shadow-root>
    <amplify-sign-in-button provider="auth0">
      <script src="https://cdn.auth0.com/js/auth0/9.11/auth0.min.js"></script>
      Sign in with Auth0
    </amplify-sign-in-button>
  </mock:shadow-root>
</amplify-auth0-button>
`;
