// Jest Snapshot v1, https://goo.gl/fbAQLP

exports[`amplify-radio-button spec: Render logic -> should render a radio button with no label and a type of radio for input by default 1`] = `
<amplify-radio-button>
  <span class="radio-button">
    <input placeholder="" type="radio">
    <amplify-label></amplify-label>
  </span>
</amplify-radio-button>
`;

exports[`amplify-radio-button spec: Render logic -> should render only class \`amplify-ui--radio-button\` 1`] = `
<amplify-radio-button>
  <span class="radio-button">
    <input placeholder="" type="radio">
    <amplify-label></amplify-label>
  </span>
</amplify-radio-button>
`;
