// Jest Snapshot v1, https://goo.gl/fbAQLP

exports[`amplify-confirm-sign-in spec: Render logic -> should render a \`confirm sign in\` form by default 1`] = `
<amplify-confirm-sign-in>
  <mock:shadow-root>
    <amplify-form-section headertext="Confirm SMS Code" submitbuttontext="Confirm">
      <amplify-auth-fields></amplify-auth-fields>
    </amplify-form-section>
  </mock:shadow-root>
</amplify-confirm-sign-in>
`;
