// Jest Snapshot v1, https://goo.gl/fbAQLP

exports[`amplify-federated-sign-in stories defaults 1`] = `
<amplify-federated-sign-in>
  <mock:shadow-root>
    <amplify-form-section data-test="federated-sign-in-section">
      <amplify-section data-test="federated-sign-in-body-section">
        <amplify-federated-buttons authstate="signin" data-test="federated-sign-in-buttons"></amplify-federated-buttons>
      </amplify-section>
    </amplify-form-section>
  </mock:shadow-root>
</amplify-federated-sign-in>
`;
