// Jest Snapshot v1, https://goo.gl/fbAQLP

exports[`amplify-s3-image spec: Render logic -> should render img element with 'imgKey' or 'path' 1`] = `
<amplify-s3-image>
  <mock:shadow-root></mock:shadow-root>
</amplify-s3-image>
`;

exports[`amplify-s3-image spec: Render logic -> should render no img element without 'imgKey' or 'path' 1`] = `
<amplify-s3-image>
  <mock:shadow-root></mock:shadow-root>
</amplify-s3-image>
`;
