// Jest Snapshot v1, https://goo.gl/fbAQLP

exports[`amplify-greetings spec: Render logic -> should render 1`] = `
<amplify-greetings>
  <mock:shadow-root>
    <header class="greetings">
      <span class="logo">
        <slot name="logo"></slot>
      </span>
      <span class="nav">
        <slot name="nav">
          <amplify-nav>
            <amplify-sign-out></amplify-sign-out>
          </amplify-nav>
        </slot>
      </span>
    </header>
  </mock:shadow-root>
</amplify-greetings>
`;
