// Jest Snapshot v1, https://goo.gl/fbAQLP

exports[`amplify-s3-image spec: Render logic -> should render no pre tag without 'path' 1`] = `
<amplify-s3-text-picker>
  <mock:shadow-root>
    <amplify-s3-text contenttype="text/*" fallbacktext="Pick a file" level="public"></amplify-s3-text>
    <amplify-picker acceptvalue="text/*"></amplify-picker>
  </mock:shadow-root>
</amplify-s3-text-picker>
`;
