// Jest Snapshot v1, https://goo.gl/fbAQLP

exports[`amplify-facebook-button stories defaults 1`] = `
<amplify-facebook-button>
  <mock:shadow-root>
    <amplify-sign-in-button provider="facebook">
      <script async="" defer="" src="https://connect.facebook.net/en_US/sdk.js"></script>
      Sign in with Facebook
    </amplify-sign-in-button>
  </mock:shadow-root>
</amplify-facebook-button>
`;
