// Jest Snapshot v1, https://goo.gl/fbAQLP

exports[`amplify-s3-image spec: Render logic -> should render no photo picker without 'path' 1`] = `
<amplify-s3-image-picker>
  <!---->
  <slot-fb name="photo-picker">
    <amplify-photo-picker buttontext="Upload" headerhint="Preview the image before upload" headertitle="Add Profile Photo" placeholderhint="Tap to image select"></amplify-photo-picker>
  </slot-fb>
</amplify-s3-image-picker>
`;
